DEPRECATED: The legacy builder is deprecated and will be removed in a future release.
            Install the buildx component to build images with BuildKit:
            https://docs.docker.com/go/buildx/

Sending build context to Docker daemon  79.87kB
Step 1/10 : FROM python:3.12.8-slim-bookworm
3.12.8-slim-bookworm: Pulling from library/python
c29f5b76f736: Pulling fs layer
098e41244522: Pulling fs layer
4e22988d3ed3: Pulling fs layer
260bd0d7f5c0: Pulling fs layer
260bd0d7f5c0: Waiting
098e41244522: Verifying Checksum
098e41244522: Download complete
4e22988d3ed3: Verifying Checksum
4e22988d3ed3: Download complete
c29f5b76f736: Verifying Checksum
c29f5b76f736: Download complete
260bd0d7f5c0: Verifying Checksum
260bd0d7f5c0: Download complete
c29f5b76f736: Pull complete
098e41244522: Pull complete
4e22988d3ed3: Pull complete
260bd0d7f5c0: Pull complete
Digest: sha256:2199a62885a12290dc9c5be3ca0681d367576ab7bf037da120e564723292a2f0
Status: Downloaded newer image for python:3.12.8-slim-bookworm
 ---> 9868da1de9f4
Step 2/10 : ENV PYTHONDONTWRITEBYTECODE=1     PYTHONUNBUFFERED=1     OMP_NUM_THREADS=1     OPENBLAS_NUM_THREADS=1     MKL_NUM_THREADS=1     VECLIB_MAXIMUM_THREADS=1     NUMEXPR_NUM_THREADS=1     MPLCONFIGDIR=/tmp/matplotlib
 ---> Running in 77fb548fea15
 ---> Removed intermediate container 77fb548fea15
 ---> f2980c0122f4
Step 3/10 : WORKDIR /artifact
 ---> Running in c92e513d7dfc
 ---> Removed intermediate container c92e513d7dfc
 ---> fe1b1ab54def
Step 4/10 : COPY requirements.txt ./
 ---> 40f9dc442525
Step 5/10 : RUN python -m pip install --no-cache-dir --disable-pip-version-check -r requirements.txt
 ---> Running in b4b303d50970
Collecting contourpy==1.3.3 (from -r requirements.txt (line 1))
  Downloading contourpy-1.3.3-cp312-cp312-manylinux_2_27_x86_64.manylinux_2_28_x86_64.whl.metadata (5.5 kB)
Collecting cycler==0.12.1 (from -r requirements.txt (line 2))
  Downloading cycler-0.12.1-py3-none-any.whl.metadata (3.8 kB)
Collecting fonttools==4.63.0 (from -r requirements.txt (line 3))
  Downloading fonttools-4.63.0-cp312-cp312-manylinux2014_x86_64.manylinux_2_17_x86_64.whl.metadata (118 kB)
Collecting joblib==1.4.2 (from -r requirements.txt (line 4))
  Downloading joblib-1.4.2-py3-none-any.whl.metadata (5.4 kB)
Collecting kiwisolver==1.5.0 (from -r requirements.txt (line 5))
  Downloading kiwisolver-1.5.0-cp312-cp312-manylinux2014_x86_64.manylinux_2_17_x86_64.whl.metadata (5.1 kB)
Collecting matplotlib==3.9.2 (from -r requirements.txt (line 6))
  Downloading matplotlib-3.9.2-cp312-cp312-manylinux_2_17_x86_64.manylinux2014_x86_64.whl.metadata (11 kB)
Collecting numpy==2.0.2 (from -r requirements.txt (line 7))
  Downloading numpy-2.0.2-cp312-cp312-manylinux_2_17_x86_64.manylinux2014_x86_64.whl.metadata (60 kB)
Collecting packaging==26.2 (from -r requirements.txt (line 8))
  Downloading packaging-26.2-py3-none-any.whl.metadata (3.5 kB)
Collecting pandas==2.2.3 (from -r requirements.txt (line 9))
  Downloading pandas-2.2.3-cp312-cp312-manylinux_2_17_x86_64.manylinux2014_x86_64.whl.metadata (89 kB)
Collecting pillow==12.3.0 (from -r requirements.txt (line 10))
  Downloading pillow-12.3.0-cp312-cp312-manylinux_2_27_x86_64.manylinux_2_28_x86_64.whl.metadata (9.1 kB)
Collecting pyparsing==3.3.2 (from -r requirements.txt (line 11))
  Downloading pyparsing-3.3.2-py3-none-any.whl.metadata (5.8 kB)
Collecting python-dateutil==2.9.0.post0 (from -r requirements.txt (line 12))
  Downloading python_dateutil-2.9.0.post0-py2.py3-none-any.whl.metadata (8.4 kB)
Collecting pytz==2026.2 (from -r requirements.txt (line 13))
  Downloading pytz-2026.2-py2.py3-none-any.whl.metadata (22 kB)
Collecting PyYAML==6.0.2 (from -r requirements.txt (line 14))
  Downloading PyYAML-6.0.2-cp312-cp312-manylinux_2_17_x86_64.manylinux2014_x86_64.whl.metadata (2.1 kB)
Collecting scikit-learn==1.5.2 (from -r requirements.txt (line 15))
  Downloading scikit_learn-1.5.2-cp312-cp312-manylinux_2_17_x86_64.manylinux2014_x86_64.whl.metadata (13 kB)
Collecting scipy==1.14.1 (from -r requirements.txt (line 16))
  Downloading scipy-1.14.1-cp312-cp312-manylinux_2_17_x86_64.manylinux2014_x86_64.whl.metadata (60 kB)
Collecting six==1.17.0 (from -r requirements.txt (line 17))
  Downloading six-1.17.0-py2.py3-none-any.whl.metadata (1.7 kB)
Collecting threadpoolctl==3.5.0 (from -r requirements.txt (line 18))
  Downloading threadpoolctl-3.5.0-py3-none-any.whl.metadata (13 kB)
Collecting tzdata==2026.3 (from -r requirements.txt (line 19))
  Downloading tzdata-2026.3-py2.py3-none-any.whl.metadata (1.4 kB)
Downloading contourpy-1.3.3-cp312-cp312-manylinux_2_27_x86_64.manylinux_2_28_x86_64.whl (362 kB)
Downloading cycler-0.12.1-py3-none-any.whl (8.3 kB)
Downloading fonttools-4.63.0-cp312-cp312-manylinux2014_x86_64.manylinux_2_17_x86_64.whl (5.0 MB)
   ━━━━━━━━━━━━━━━━━━━━━━━━━━━━━━━━━━━━━━━━ 5.0/5.0 MB 56.0 MB/s eta 0:00:00
Downloading joblib-1.4.2-py3-none-any.whl (301 kB)
Downloading kiwisolver-1.5.0-cp312-cp312-manylinux2014_x86_64.manylinux_2_17_x86_64.whl (1.5 MB)
   ━━━━━━━━━━━━━━━━━━━━━━━━━━━━━━━━━━━━━━━━ 1.5/1.5 MB 113.6 MB/s eta 0:00:00
Downloading matplotlib-3.9.2-cp312-cp312-manylinux_2_17_x86_64.manylinux2014_x86_64.whl (8.3 MB)
   ━━━━━━━━━━━━━━━━━━━━━━━━━━━━━━━━━━━━━━━━ 8.3/8.3 MB 103.9 MB/s eta 0:00:00
Downloading numpy-2.0.2-cp312-cp312-manylinux_2_17_x86_64.manylinux2014_x86_64.whl (19.2 MB)
   ━━━━━━━━━━━━━━━━━━━━━━━━━━━━━━━━━━━━━━━━ 19.2/19.2 MB 106.5 MB/s eta 0:00:00
Downloading packaging-26.2-py3-none-any.whl (100 kB)
Downloading pandas-2.2.3-cp312-cp312-manylinux_2_17_x86_64.manylinux2014_x86_64.whl (12.7 MB)
   ━━━━━━━━━━━━━━━━━━━━━━━━━━━━━━━━━━━━━━━━ 12.7/12.7 MB 106.8 MB/s eta 0:00:00
Downloading pillow-12.3.0-cp312-cp312-manylinux_2_27_x86_64.manylinux_2_28_x86_64.whl (6.9 MB)
   ━━━━━━━━━━━━━━━━━━━━━━━━━━━━━━━━━━━━━━━━ 6.9/6.9 MB 107.3 MB/s eta 0:00:00
Downloading pyparsing-3.3.2-py3-none-any.whl (122 kB)
Downloading python_dateutil-2.9.0.post0-py2.py3-none-any.whl (229 kB)
Downloading pytz-2026.2-py2.py3-none-any.whl (510 kB)
Downloading PyYAML-6.0.2-cp312-cp312-manylinux_2_17_x86_64.manylinux2014_x86_64.whl (767 kB)
   ━━━━━━━━━━━━━━━━━━━━━━━━━━━━━━━━━━━━━━━ 767.5/767.5 kB 108.0 MB/s eta 0:00:00
Downloading scikit_learn-1.5.2-cp312-cp312-manylinux_2_17_x86_64.manylinux2014_x86_64.whl (12.9 MB)
   ━━━━━━━━━━━━━━━━━━━━━━━━━━━━━━━━━━━━━━━━ 12.9/12.9 MB 103.9 MB/s eta 0:00:00
Downloading scipy-1.14.1-cp312-cp312-manylinux_2_17_x86_64.manylinux2014_x86_64.whl (40.8 MB)
   ━━━━━━━━━━━━━━━━━━━━━━━━━━━━━━━━━━━━━━━━ 40.8/40.8 MB 68.3 MB/s eta 0:00:00
Downloading six-1.17.0-py2.py3-none-any.whl (11 kB)
Downloading threadpoolctl-3.5.0-py3-none-any.whl (18 kB)
Downloading tzdata-2026.3-py2.py3-none-any.whl (348 kB)
Installing collected packages: pytz, tzdata, threadpoolctl, six, PyYAML, pyparsing, pillow, packaging, numpy, kiwisolver, joblib, fonttools, cycler, scipy, python-dateutil, contourpy, scikit-learn, pandas, matplotlib
Successfully installed PyYAML-6.0.2 contourpy-1.3.3 cycler-0.12.1 fonttools-4.63.0 joblib-1.4.2 kiwisolver-1.5.0 matplotlib-3.9.2 numpy-2.0.2 packaging-26.2 pandas-2.2.3 pillow-12.3.0 pyparsing-3.3.2 python-dateutil-2.9.0.post0 pytz-2026.2 scikit-learn-1.5.2 scipy-1.14.1 six-1.17.0 threadpoolctl-3.5.0 tzdata-2026.3
[91mWARNING: Running pip as the 'root' user can result in broken permissions and conflicting behaviour with the system package manager, possibly rendering your system unusable.It is recommended to use a virtual environment instead: https://pip.pypa.io/warnings/venv. Use the --root-user-action option if you know what you are doing and want to suppress this warning.
[0m ---> Removed intermediate container b4b303d50970
 ---> 7737605cfb35
Step 6/10 : COPY latency_artifact ./latency_artifact
 ---> d4984ab9e320
Step 7/10 : COPY configs ./configs
 ---> b45ba0c5fd89
Step 8/10 : COPY scripts ./scripts
 ---> 83fd73600419
Step 9/10 : ENTRYPOINT ["python", "-m", "latency_artifact"]
 ---> Running in 014a81d816d8
 ---> Removed intermediate container 014a81d816d8
 ---> b898feb8bf5d
Step 10/10 : CMD ["all", "--config", "configs/smoke.yaml"]
 ---> Running in 6129ea80dce8
 ---> Removed intermediate container 6129ea80dce8
 ---> 4b341f1d1fd4
Successfully built 4b341f1d1fd4
Successfully tagged ladc-latency-artifact:20260720T141840Z
