Prepared /artifact/results/definitive/processed/dataset.npz with 84 features
Trained LoR in 2.67s
Trained SGD in 2.23s
Trained NB in 0.18s
Trained DT in 9.66s
Trained RF in 54.48s
Trained GB in 223.86s
Trained AB in 95.17s
Trained MLP in 17.75s
Completed independent benchmark process 1/12
Completed independent benchmark process 2/12
Completed independent benchmark process 3/12
Completed independent benchmark process 4/12
Completed independent benchmark process 5/12
Completed independent benchmark process 6/12
Completed independent benchmark process 7/12
Completed independent benchmark process 8/12
Completed independent benchmark process 9/12
Completed independent benchmark process 10/12
Completed independent benchmark process 11/12
Completed independent benchmark process 12/12
Wrote analysis to /artifact/results/definitive/analysis
model  batch_size  n_independent_processes  mean_benign_us_per_flow  mean_malicious_us_per_flow  paired_difference_benign_minus_malicious_us  ci95_low_us  ci95_high_us  paired_cohen_dz  p_sign_flip_raw     p_bh  significant_bh_0_05
   AB           1                       12             12535.082583                12526.900964                                     8.181619     0.378887     15.984352         0.666222         0.042480 0.203906                False
   DT           1                       12               124.498583                  124.308064                                     0.190519    -0.527113      0.908152         0.168680         0.579102 0.906250                False
   GB           1                       12               298.424983                  298.144392                                     0.280592    -1.327528      1.888711         0.110862         0.697266 0.921148                False
  LoR           1                       12               221.463106                  221.425411                                     0.037694    -1.138279      1.213667         0.020366         0.942871 0.994141                False
  MLP           1                       12               254.244717                  254.598233                                    -0.353517    -1.081962      0.374929        -0.308347         0.306641 0.726562                False
   NB           1                       12               173.048494                  173.162378                                    -0.113883    -1.059920      0.832153        -0.076485         0.794922 0.921148                False
   RF           1                       12              5377.909842                 5373.692336                                     4.217506     1.209647      7.225365         0.890891         0.008301 0.044271                 True
  SGD           1                       12               223.486372                  223.833117                                    -0.346744    -1.620750      0.927261        -0.172928         0.565430 0.906250                False
   AB           8                       12              1615.721708                 1615.839943                                    -0.118235    -1.139955      0.903485        -0.073526         0.795898 0.921148                False
   DT           8                       12                15.977718                   15.938109                                     0.039609    -0.055697      0.134915         0.264056         0.378906 0.826705                False
   GB           8                       12                38.948080                   39.058641                                    -0.110561    -0.283020      0.061897        -0.407328         0.189941 0.607812                False
  LoR           8                       12                28.428773                   28.407064                                     0.021709    -0.138667      0.182086         0.086007         0.784668 0.921148                False
  MLP           8                       12                34.965134                   35.130997                                    -0.165863    -0.352719      0.020993        -0.563986         0.082031 0.326322                False
   NB           8                       12                23.829558                   23.784995                                     0.044563    -0.083932      0.173059         0.220351         0.443848 0.887695                False
   RF           8                       12               680.014604                  678.031717                                     1.982887     1.587587      2.378188         3.187111         0.000488 0.003348                 True
  SGD           8                       12                28.705399                   28.703506                                     0.001893    -0.105560      0.109346         0.011194         0.962891 0.994141                False
   AB          16                       12               814.167303                  814.326619                                    -0.159317    -0.984210      0.665576        -0.122713         0.673828 0.921148                False
   DT          16                       12                 8.061402                    8.045649                                     0.015753    -0.031804      0.063309         0.210460         0.470215 0.902813                False
   GB          16                       12                20.007814                   19.992251                                     0.015563    -0.075490      0.106615         0.108598         0.708008 0.921148                False
  LoR          16                       12                14.414870                   14.461845                                    -0.046975    -0.102403      0.008453        -0.538478         0.088379 0.326322                False
  MLP          16                       12                18.163572                   18.189480                                    -0.025908    -0.110303      0.058486        -0.195053         0.521484 0.906250                False
   NB          16                       12                12.393348                   12.359302                                     0.034046    -0.038116      0.106208         0.299766         0.317871 0.726562                False
   RF          16                       12               342.726656                  341.073410                                     1.653246     1.371896      1.934597         3.733505         0.000488 0.003348                 True
  SGD          16                       12                14.578407                   14.550302                                     0.028105    -0.027849      0.084060         0.319139         0.304199 0.726562                False
   AB          32                       12               411.968354                  411.806258                                     0.162097    -0.274991      0.599184         0.235631         0.428223 0.887695                False
   DT          32                       12                 4.081953                    4.082382                                    -0.000429    -0.012349      0.011491        -0.022881         0.939453 0.994141                False
   GB          32                       12                10.439178                   10.459859                                    -0.020681    -0.086367      0.045005        -0.200046         0.500977 0.906250                False
  LoR          32                       12                 7.417981                    7.409915                                     0.008066    -0.025930      0.042063         0.150750         0.618164 0.906250                False
  MLP          32                       12                 9.713024                    9.719646                                    -0.006622    -0.056875      0.043631        -0.083720         0.820312 0.921148                False
   NB          32                       12                 6.594957                    6.583601                                     0.011356    -0.008844      0.031555         0.357196         0.251465 0.726562                False
   RF          32                       12               174.027097                  172.553260                                     1.473837     1.364605      1.583070         8.572831         0.000488 0.003348                 True
  SGD          32                       12                 7.481877                    7.477749                                     0.004128    -0.036503      0.044759         0.064554         0.825195 0.921148                False
   AB          64                       12               211.213097                  211.117547                                     0.095550    -0.076406      0.267507         0.353053         0.279785 0.726562                False
   DT          64                       12                 2.119157                    2.111029                                     0.008128    -0.002025      0.018280         0.508664         0.105469 0.361607                False
   GB          64                       12                 5.623385                    5.727339                                    -0.103954    -0.121668     -0.086241        -3.728829         0.000488 0.003348                 True
  LoR          64                       12                 3.896623                    3.900712                                    -0.004089    -0.022077      0.013899        -0.144439         0.622070 0.906250                False
  MLP          64                       12                 5.444014                    5.447180                                    -0.003166    -0.027245      0.020913        -0.083547         0.775391 0.921148                False
   NB          64                       12                 3.722213                    3.722191                                     0.000023    -0.009346      0.009392         0.001548         0.994141 0.994141                False
   RF          64                       12                89.978781                   88.713774                                     1.265007     1.200079      1.329935        12.379069         0.000488 0.003348                 True
  SGD          64                       12                 3.948523                    3.930758                                     0.017765    -0.002479      0.038009         0.557566         0.076660 0.326322                False
   AB         100                       12               139.511600                  139.592330                                    -0.080729    -0.238038      0.076579        -0.326066         0.299805 0.726562                False
   DT         100                       12                 1.401158                    1.391767                                     0.009391     0.004141      0.014642         1.136441         0.003418 0.020508                 True
   GB         100                       12                 3.935545                    4.028479                                    -0.092934    -0.108710     -0.077159        -3.743048         0.000488 0.003348                 True
  LoR         100                       12                 2.647333                    2.648958                                    -0.001625    -0.013603      0.010353        -0.086188         0.768555 0.921148                False
  MLP         100                       12                 3.933074                    3.926322                                     0.006752    -0.018114      0.031617         0.172519         0.623047 0.906250                False
   NB         100                       12                 2.715936                    2.716052                                    -0.000116    -0.017666      0.017434        -0.004213         0.988770 0.994141                False
   RF         100                       12                59.575527                   58.409719                                     1.165808     1.124564      1.207052        17.959482         0.000488 0.003348                 True
  SGD         100                       12                 2.670867                    2.667336                                     0.003531    -0.010804      0.017866         0.156493         0.595215 0.906250                False
