Prepared /artifact/results/definitive/processed/dataset.npz with 84 features
Trained LoR in 1.96s
Trained SGD in 1.86s
Trained NB in 0.17s
Trained DT in 9.10s
Trained RF in 50.98s
Trained GB in 213.72s
Trained AB in 88.92s
Trained MLP in 10.09s
Completed independent benchmark process 1/12
Completed independent benchmark process 2/12
Completed independent benchmark process 3/12
Completed independent benchmark process 4/12
Completed independent benchmark process 5/12
Completed independent benchmark process 6/12
Completed independent benchmark process 7/12
Completed independent benchmark process 8/12
Completed independent benchmark process 9/12
Completed independent benchmark process 10/12
Completed independent benchmark process 11/12
Completed independent benchmark process 12/12
Wrote analysis to /artifact/results/definitive/analysis
model  batch_size  n_independent_processes  mean_benign_us_per_flow  mean_malicious_us_per_flow  paired_difference_benign_minus_malicious_us  ci95_low_us  ci95_high_us  paired_cohen_dz  p_sign_flip_raw     p_bh  significant_bh_0_05
   AB           1                       12              7892.260725                 7863.334447                                    28.926278    -3.175199     61.027754         0.572524         0.072754 0.249442                False
   DT           1                       12                88.793481                   89.012692                                    -0.219211    -1.885591      1.447169        -0.083582         0.787598 0.945652                False
   GB           1                       12               223.205350                  225.247928                                    -2.042578    -5.165757      1.080602        -0.415536         0.170410 0.479167                False
  LoR           1                       12               155.278097                  153.973669                                     1.304428    -0.729333      3.338189         0.407518         0.179688 0.479167                False
  MLP           1                       12               178.353511                  175.596500                                     2.757011    -0.130221      5.644243         0.606713         0.062012 0.228966                False
   NB           1                       12               106.947692                  107.328239                                    -0.380547    -2.473830      1.712736        -0.115507         0.687012 0.945652                False
   RF           1                       12              3027.550053                 3021.670242                                     5.879811    -5.563149     17.322772         0.326476         0.299316 0.574688                False
  SGD           1                       12               157.565633                  156.528778                                     1.036856    -1.412244      3.485955         0.268991         0.369141 0.681490                False
   AB           8                       12              1011.076031                 1010.374148                                     0.701884    -3.453455      4.857223         0.107321         0.719238 0.945652                False
   DT           8                       12                11.339898                   11.279152                                     0.060745    -0.108895      0.230386         0.227515         0.443848 0.786830                False
   GB           8                       12                29.187370                   29.226435                                    -0.039064    -0.627076      0.548947        -0.042210         0.890137 0.945652                False
  LoR           8                       12                19.880201                   19.746762                                     0.133440    -0.250646      0.517526         0.220741         0.458984 0.786830                False
  MLP           8                       12                23.422850                   23.752578                                    -0.329727    -0.648307     -0.011147        -0.657602         0.043945 0.175781                False
   NB           8                       12                14.602760                   14.490157                                     0.112602    -0.099481      0.324686         0.337339         0.263672 0.550272                False
   RF           8                       12               385.763450                  383.019470                                     2.743980     0.714268      4.773691         0.858960         0.015625 0.106771                False
  SGD           8                       12                19.923358                   19.741193                                     0.182165    -0.140952      0.505281         0.358205         0.235840 0.514560                False
   AB          16                       12               510.229688                  510.254246                                    -0.024558    -2.141734      2.092618        -0.007370         0.979004 0.979004                False
   DT          16                       12                 5.725746                    5.736092                                    -0.010346    -0.093985      0.073293        -0.078594         0.790039 0.945652                False
   GB          16                       12                15.160839                   14.967090                                     0.193749     0.062195      0.325304         0.935750         0.008301 0.066406                False
  LoR          16                       12                10.053536                   10.150817                                    -0.097282    -0.266145      0.071582        -0.366034         0.226562 0.514560                False
  MLP          16                       12                12.159418                   12.197285                                    -0.037867    -0.256535      0.180801        -0.110028         0.764648 0.945652                False
   NB          16                       12                 7.577509                    7.547339                                     0.030170    -0.068510      0.128851         0.194256         0.510254 0.844558                False
   RF          16                       12               194.886591                  192.506225                                     2.380366     1.515851      3.244881         1.749435         0.000488 0.007812                 True
  SGD          16                       12                10.066092                   10.051527                                     0.014565    -0.159218      0.188348         0.053252         0.858887 0.945652                False
   AB          32                       12               258.323391                  258.187089                                     0.136302    -0.881441      1.154044         0.085092         0.764160 0.945652                False
   DT          32                       12                 2.916809                    2.901255                                     0.015554    -0.049106      0.080215         0.152840         0.597656 0.925403                False
   GB          32                       12                 7.855189                    7.844574                                     0.010615    -0.110206      0.131437         0.055824         0.866211 0.945652                False
  LoR          32                       12                 5.166499                    5.109838                                     0.056661     0.013259      0.100063         0.829478         0.020020 0.106771                False
  MLP          32                       12                 6.442422                    6.510982                                    -0.068560    -0.183357      0.046237        -0.379459         0.211426 0.507422                False
   NB          32                       12                 3.941312                    3.963675                                    -0.022363    -0.067518      0.022792        -0.314670         0.292480 0.574688                False
   RF          32                       12                99.960265                   98.082240                                     1.878026     1.200744      2.555307         1.761810         0.000977 0.009375                 True
  SGD          32                       12                 5.124524                    5.113574                                     0.010949    -0.074896      0.096795         0.081041         0.784180 0.945652                False
   AB          64                       12               132.764032                  132.692766                                     0.071266    -0.315543      0.458076         0.117061         0.691406 0.945652                False
   DT          64                       12                 1.527178                    1.498808                                     0.028370    -0.004196      0.060936         0.553505         0.082031 0.262500                False
   GB          64                       12                 4.222331                    4.322730                                    -0.100399    -0.183601     -0.017197        -0.766695         0.026855 0.128906                False
  LoR          64                       12                 2.640782                    2.639780                                     0.001002    -0.047950      0.049953         0.013003         0.963867 0.979004                False
  MLP          64                       12                 3.596127                    3.600918                                    -0.004791    -0.082655      0.073073        -0.039097         0.891602 0.945652                False
   NB          64                       12                 2.201054                    2.202836                                    -0.001782    -0.037354      0.033790        -0.031829         0.906250 0.945652                False
   RF          64                       12                51.978635                   50.704658                                     1.273977     0.973404      1.574549         2.693017         0.000488 0.007812                 True
  SGD          64                       12                 2.677210                    2.671786                                     0.005424    -0.039393      0.050240         0.076896         0.790527 0.945652                False
   AB         100                       12                88.089241                   87.905984                                     0.183257    -0.116835      0.483349         0.388000         0.209961 0.507422                False
   DT         100                       12                 1.007868                    0.995598                                     0.012270     0.000051      0.024488         0.638030         0.043945 0.175781                False
   GB         100                       12                 2.926846                    3.036963                                    -0.110117    -0.152264     -0.067971        -1.660040         0.000977 0.009375                 True
  LoR         100                       12                 1.775717                    1.774726                                     0.000991    -0.016432      0.018415         0.036154         0.901367 0.945652                False
  MLP         100                       12                 2.506968                    2.537957                                    -0.030989    -0.054992     -0.006987        -0.820310         0.019043 0.106771                False
   NB         100                       12                 1.573994                    1.596844                                    -0.022849    -0.053967      0.008269        -0.466531         0.122559 0.367676                False
   RF         100                       12                34.904373                   33.746296                                     1.158077     1.060856      1.255298         7.568421         0.000488 0.007812                 True
  SGD         100                       12                 1.779592                    1.784847                                    -0.005255    -0.024656      0.014145        -0.172107         0.570312 0.912500                False
