Wrote analysis to /artifact/results/genids_cic17/analysis
model  batch_size  n_independent_processes  mean_benign_us_per_flow  mean_malicious_us_per_flow  paired_difference_benign_minus_malicious_us  ci95_low_us  ci95_high_us  paired_cohen_dz  p_sign_flip_raw     p_bh  significant_bh_0_05
   AB           1                       12              7856.553953                 7832.567792                                    23.986161    -4.371909     52.344231         0.537416         0.091309 0.533854                False
   DT           1                       12                88.955917                   88.594144                                     0.361772    -0.806508      1.530052         0.196750         0.512695 0.967052                False
   GB           1                       12               225.752931                  225.952231                                    -0.199300    -3.489688      3.091088        -0.038485         0.904297 0.967052                False
  LoR           1                       12               155.490861                  155.294944                                     0.195917    -1.872237      2.264070         0.060189         0.838379 0.967052                False
  MLP           1                       12               175.751228                  176.145344                                    -0.394117    -3.409859      2.621626        -0.083034         0.772949 0.967052                False
   NB           1                       12               107.884494                  107.952447                                    -0.067953    -1.138704      1.002798        -0.040322         0.892090 0.967052                False
   RF           1                       12              3001.841503                 3002.775731                                    -0.934228   -15.494192     13.625737        -0.040768         0.891113 0.967052                False
  SGD           1                       12               158.156544                  156.446472                                     1.710072    -1.092572      4.512717         0.387680         0.204102 0.753606                False
   AB           8                       12              1009.009171                 1006.975949                                     2.033223    -0.596756      4.663201         0.491201         0.100098 0.533854                False
   DT           8                       12                11.395409                   11.323167                                     0.072243    -0.137356      0.281841         0.218994         0.462402 0.967052                False
   GB           8                       12                29.479582                   29.157138                                     0.322444    -0.254689      0.899577         0.354981         0.249023 0.853795                False
  LoR           8                       12                19.704344                   19.705907                                    -0.001564    -0.328154      0.325027        -0.003042         0.992676 0.992676                False
  MLP           8                       12                23.438514                   23.478031                                    -0.039517    -0.477291      0.398256        -0.057354         0.844727 0.967052                False
   NB           8                       12                14.509813                   14.472763                                     0.037049    -0.157247      0.231346         0.121155         0.673340 0.967052                False
   RF           8                       12               385.066838                  384.279895                                     0.786943    -1.059151      2.633036         0.270842         0.359375 0.967052                False
  SGD           8                       12                19.974993                   19.939978                                     0.035015    -0.182182      0.252212         0.102430         0.720215 0.967052                False
   AB          16                       12               508.852684                  507.557247                                     1.295437    -0.455237      3.046111         0.470151         0.136230 0.594460                False
   DT          16                       12                 5.703017                    5.737796                                    -0.034779    -0.111209      0.041650        -0.289127         0.341309 0.967052                False
   GB          16                       12                15.177247                   15.109612                                     0.067635    -0.194623      0.329893         0.163858         0.576172 0.967052                False
  LoR          16                       12                10.032791                   10.000990                                     0.031801    -0.149618      0.213221         0.111375         0.701660 0.967052                False
  MLP          16                       12                12.011982                   12.026781                                    -0.014799    -0.216954      0.187356        -0.046514         0.873047 0.967052                False
   NB          16                       12                 7.414124                    7.401122                                     0.013003    -0.139541      0.165547         0.054158         0.852051 0.967052                False
   RF          16                       12               196.801379                  194.537384                                     2.263995     0.799066      3.728925         0.981941         0.004883 0.039062                 True
  SGD          16                       12                10.092016                   10.087972                                     0.004044    -0.091105      0.099193         0.027004         0.926270 0.967052                False
   AB          32                       12               257.337936                  257.101468                                     0.236468    -0.524606      0.997542         0.197411         0.506836 0.967052                False
   DT          32                       12                 2.889639                    2.911118                                    -0.021480    -0.050986      0.008027        -0.462523         0.134766 0.594460                False
   GB          32                       12                 7.985426                    8.072514                                    -0.087088    -0.183010      0.008833        -0.576862         0.073242 0.502232                False
  LoR          32                       12                 5.056484                    5.044126                                     0.012358    -0.068638      0.093354         0.096941         0.751953 0.967052                False
  MLP          32                       12                 6.348286                    6.333413                                     0.014873    -0.086669      0.116415         0.093063         0.750000 0.967052                False
   NB          32                       12                 3.885291                    3.869659                                     0.015632    -0.033705      0.064969         0.201306         0.499512 0.967052                False
   RF          32                       12               100.745274                   99.211220                                     1.534054     1.009679      2.058429         1.858767         0.000488 0.005859                 True
  SGD          32                       12                 5.156166                    5.131598                                     0.024568    -0.038587      0.087724         0.247165         0.400879 0.967052                False
   AB          64                       12               131.691245                  131.940038                                    -0.248793    -0.644215      0.146630        -0.399763         0.191406 0.753606                False
   DT          64                       12                 1.509010                    1.512407                                    -0.003397    -0.032363      0.025570        -0.074507         0.799805 0.967052                False
   GB          64                       12                 4.436753                    4.573437                                    -0.136684    -0.181444     -0.091924        -1.940231         0.000488 0.005859                 True
  LoR          64                       12                 2.609167                    2.632711                                    -0.023544    -0.084244      0.037157        -0.246438         0.406250 0.967052                False
  MLP          64                       12                 3.438754                    3.427304                                     0.011450    -0.033472      0.056372         0.161949         0.587891 0.967052                False
   NB          64                       12                 2.145092                    2.134918                                     0.010175    -0.021498      0.041848         0.204107         0.484375 0.967052                False
   RF          64                       12                53.174021                   51.695437                                     1.478585     1.059793      1.897376         2.243236         0.000977 0.009375                 True
  SGD          64                       12                 2.656951                    2.646027                                     0.010924    -0.040805      0.062653         0.134176         0.648438 0.967052                False
   AB         100                       12                87.009548                   86.998446                                     0.011103    -0.246074      0.268279         0.027429         0.926758 0.967052                False
   DT         100                       12                 0.998265                    0.992192                                     0.006073    -0.016601      0.028747         0.170176         0.557617 0.967052                False
   GB         100                       12                 3.145106                    3.269795                                    -0.124690    -0.156118     -0.093262        -2.520808         0.000488 0.005859                 True
  LoR         100                       12                 1.734459                    1.737626                                    -0.003167    -0.021040      0.014706        -0.112580         0.702148 0.967052                False
  MLP         100                       12                 2.431472                    2.432036                                    -0.000565    -0.039900      0.038770        -0.009124         0.970703 0.991356                False
   NB         100                       12                 1.504889                    1.493256                                     0.011632    -0.022795      0.046059         0.214684         0.475586 0.967052                False
   RF         100                       12                35.619133                   34.455504                                     1.163629     0.957632      1.369626         3.589051         0.000488 0.005859                 True
  SGD         100                       12                 1.749528                    1.758714                                    -0.009186    -0.037580      0.019209        -0.205541         0.487793 0.967052                False
