Wrote analysis to /artifact/results/genids_cic18/analysis
model  batch_size  n_independent_processes  mean_benign_us_per_flow  mean_malicious_us_per_flow  paired_difference_benign_minus_malicious_us  ci95_low_us  ci95_high_us  paired_cohen_dz  p_sign_flip_raw     p_bh  significant_bh_0_05
   AB           1                       12              7858.821389                 7837.774428                                    21.046961   -19.032778     61.126700         0.333650         0.279785 0.537188                False
   DT           1                       12                88.267122                   88.754292                                    -0.487169    -1.352898      0.378559        -0.357540         0.239746 0.537188                False
   GB           1                       12               223.401669                  223.651044                                    -0.249375    -5.532269      5.033519        -0.029992         0.927734 0.947473                False
  LoR           1                       12               154.075575                  152.573917                                     1.501658    -0.050607      3.053924         0.614655         0.060059 0.240234                False
  MLP           1                       12               175.087800                  175.745636                                    -0.657836    -3.646370      2.330698        -0.139858         0.633301 0.870536                False
   NB           1                       12               107.985275                  107.629328                                     0.355947    -1.242808      1.954702         0.141459         0.625488 0.870536                False
   RF           1                       12              3010.865892                 3014.451578                                    -3.585686   -16.791170      9.619797        -0.172522         0.551270 0.853579                False
  SGD           1                       12               157.915533                  157.252950                                     0.662583    -2.151319      3.476486         0.149609         0.606934 0.870536                False
   AB           8                       12              1011.089516                 1008.922205                                     2.167311    -0.373417      4.708039         0.541988         0.087402 0.279687                False
   DT           8                       12                11.208206                   11.360884                                    -0.152678    -0.322415      0.017060        -0.571511         0.067871 0.250601                False
   GB           8                       12                29.175006                   28.889491                                     0.285515    -0.208297      0.779326         0.367362         0.236816 0.537188                False
  LoR           8                       12                19.567376                   19.531071                                     0.036305    -0.248443      0.321052         0.081008         0.783691 0.895647                False
  MLP           8                       12                23.249399                   23.307914                                    -0.058514    -0.649748      0.532719        -0.062882         0.825195 0.915128                False
   NB           8                       12                14.505497                   14.362672                                     0.142825    -0.132405      0.418055         0.329712         0.269043 0.537188                False
   RF           8                       12               385.030381                  382.212337                                     2.818043     0.615102      5.020985         0.812777         0.016113 0.077344                False
  SGD           8                       12                19.706568                   19.881213                                    -0.174644    -0.446482      0.097194        -0.408197         0.184570 0.521140                False
   AB          16                       12               508.703397                  507.785594                                     0.917804    -0.855871      2.691479         0.328778         0.269531 0.537188                False
   DT          16                       12                 5.712863                    5.661441                                     0.051422    -0.048586      0.151430         0.326695         0.279297 0.537188                False
   GB          16                       12                15.076097                   14.640999                                     0.435098     0.226114      0.644082         1.322819         0.000977 0.009375                 True
  LoR          16                       12                 9.790308                    9.954599                                    -0.164291    -0.298301     -0.030281        -0.778935         0.013672 0.072917                False
  MLP          16                       12                11.770493                   11.877768                                    -0.107275    -0.312889      0.098339        -0.331492         0.266602 0.537188                False
   NB          16                       12                 7.382885                    7.413075                                    -0.030190    -0.167207      0.106827        -0.139998         0.634766 0.870536                False
   RF          16                       12               193.987782                  193.662975                                     0.324807    -0.771916      1.421531         0.188172         0.520996 0.853579                False
  SGD          16                       12                10.042365                   10.064831                                    -0.022466    -0.149404      0.104471        -0.112453         0.702148 0.895647                False
   AB          32                       12               257.047752                  256.647595                                     0.400157    -0.988632      1.788947         0.183072         0.548340 0.853579                False
   DT          32                       12                 2.866051                    2.873932                                    -0.007881    -0.057958      0.042196        -0.099997         0.729980 0.895647                False
   GB          32                       12                 7.902690                    7.561707                                     0.340983     0.201293      0.480673         1.550939         0.001465 0.011719                 True
  LoR          32                       12                 5.022443                    5.013008                                     0.009435    -0.063482      0.082352         0.082212         0.777832 0.895647                False
  MLP          32                       12                 6.290840                    6.300790                                    -0.009950    -0.117018      0.097118        -0.059044         0.838867 0.915128                False
   NB          32                       12                 3.868980                    3.849928                                     0.019052    -0.043221      0.081325         0.194386         0.510742 0.853579                False
   RF          32                       12                98.742574                   98.189456                                     0.553117     0.129770      0.976465         0.830132         0.013672 0.072917                False
  SGD          32                       12                 5.091636                    5.087641                                     0.003995    -0.060673      0.068662         0.039248         0.890625 0.929348                False
   AB          64                       12               131.880881                  131.368279                                     0.512602    -0.059974      1.085177         0.568819         0.076172 0.261161                False
   DT          64                       12                 1.487811                    1.472515                                     0.015296    -0.011267      0.041859         0.365873         0.248535 0.537188                False
   GB          64                       12                 4.378207                    4.089425                                     0.288783     0.204147      0.373418         2.167927         0.000488 0.005859                 True
  LoR          64                       12                 2.591211                    2.590974                                     0.000237    -0.034642      0.035117         0.004322         0.992188 0.992188                False
  MLP          64                       12                 3.432740                    3.379066                                     0.053673     0.004195      0.103152         0.689234         0.038086 0.166193                False
   NB          64                       12                 2.103899                    2.094401                                     0.009498    -0.022654      0.041649         0.187688         0.510742 0.853579                False
   RF          64                       12                51.822540                   50.668721                                     1.153819     0.814995      1.492642         2.163667         0.000488 0.005859                 True
  SGD          64                       12                 2.639080                    2.633225                                     0.005854    -0.033733      0.045442         0.093963         0.748535 0.895647                False
   AB         100                       12                87.145962                   86.491373                                     0.654589     0.291723      1.017455         1.146171         0.002930 0.020089                 True
   DT         100                       12                 0.983145                    0.972804                                     0.010340    -0.003661      0.024341         0.469236         0.144531 0.433594                False
   GB         100                       12                 3.129269                    2.828990                                     0.300279     0.263163      0.337395         5.140354         0.000488 0.005859                 True
  LoR         100                       12                 1.720742                    1.715837                                     0.004905    -0.027800      0.037610         0.095288         0.745117 0.895647                False
  MLP         100                       12                 2.419309                    2.406157                                     0.013151    -0.023985      0.050287         0.225011         0.451660 0.833834                False
   NB         100                       12                 1.483195                    1.488890                                    -0.005695    -0.037130      0.025741        -0.115101         0.697754 0.895647                False
   RF         100                       12                34.449759                   33.653312                                     0.796447     0.616819      0.976074         2.817154         0.000488 0.005859                 True
  SGD         100                       12                 1.731236                    1.733091                                    -0.001855    -0.027847      0.024137        -0.045349         0.878906 0.929348                False
