Wrote analysis to /artifact/results/cicids2017/analysis
model  batch_size  n_independent_processes  mean_benign_us_per_flow  mean_malicious_us_per_flow  paired_difference_benign_minus_malicious_us  ci95_low_us  ci95_high_us  paired_cohen_dz  p_sign_flip_raw     p_bh  significant_bh_0_05
   AB           1                       12              7826.202689                 7805.744175                                    20.458514   -19.583217     60.500245         0.324629         0.286133 0.708220                False
   DT           1                       12                89.223628                   88.012458                                     1.211169    -0.690678      3.113016         0.404628         0.190918 0.647461                False
   GB           1                       12               222.378281                  225.050903                                    -2.672622    -9.262018      3.916774        -0.257702         0.386230 0.731070                False
  LoR           1                       12               153.532853                  154.456075                                    -0.923222    -3.694096      1.847652        -0.211698         0.523926 0.762074                False
  MLP           1                       12               174.426719                  175.844628                                    -1.417908    -3.181445      0.345628        -0.510846         0.104004 0.453835                False
   NB           1                       12               107.014817                  107.515836                                    -0.501019    -1.972540      0.970501        -0.216329         0.478516 0.762074                False
   RF           1                       12              3032.440969                 3040.453836                                    -8.012867   -21.141325      5.115592        -0.387794         0.215820 0.647461                False
  SGD           1                       12               156.379394                  156.463831                                    -0.084436    -2.730141      2.561269        -0.020277         0.943359 0.984375                False
   AB           8                       12              1003.712424                 1006.320675                                    -2.608250    -7.285804      2.069303        -0.354288         0.240234 0.678309                False
   DT           8                       12                11.328594                   11.418509                                    -0.089915    -0.282318      0.102488        -0.296925         0.326172 0.708220                False
   GB           8                       12                29.146926                   29.041610                                     0.105316    -0.407898      0.618529         0.130383         0.661133 0.906696                False
  LoR           8                       12                19.659880                   19.547307                                     0.112573    -0.171561      0.396706         0.251731         0.395996 0.731070                False
  MLP           8                       12                23.495950                   23.640778                                    -0.144828    -0.464338      0.174682        -0.288001         0.339355 0.708220                False
   NB           8                       12                14.383016                   14.407799                                    -0.024783    -0.225799      0.176232        -0.078335         0.790527 0.940358                False
   RF           8                       12               386.804356                  384.347876                                     2.456480     0.232148      4.680813         0.701682         0.033203 0.227679                False
  SGD           8                       12                19.675256                   19.930835                                    -0.255579    -0.742707      0.231549        -0.333357         0.301270 0.708220                False
   AB          16                       12               507.827563                  507.510891                                     0.316672    -2.155008      2.788351         0.081404         0.777832 0.940358                False
   DT          16                       12                 5.755761                    5.716697                                     0.039064    -0.081075      0.159203         0.206594         0.498535 0.762074                False
   GB          16                       12                14.894273                   14.765311                                     0.128963    -0.086099      0.344025         0.381002         0.211914 0.647461                False
  LoR          16                       12                 9.899116                    9.995693                                    -0.096577    -0.187725     -0.005429        -0.673215         0.042480 0.254883                False
  MLP          16                       12                12.030870                   12.043793                                    -0.012923    -0.192286      0.166440        -0.045778         0.880859 0.968395                False
   NB          16                       12                 7.515630                    7.523707                                    -0.008077    -0.163420      0.147265        -0.033038         0.913574 0.974479                False
   RF          16                       12               196.128091                  193.978853                                     2.149238     0.469672      3.828803         0.813044         0.016113 0.128906                False
  SGD          16                       12                10.015624                   10.033417                                    -0.017792    -0.188811      0.153227        -0.066102         0.825684 0.943638                False
   AB          32                       12               257.177310                  257.102818                                     0.074492    -1.040051      1.189035         0.042466         0.887695 0.968395                False
   DT          32                       12                 2.905066                    2.884222                                     0.020844    -0.022750      0.064437         0.303795         0.329590 0.708220                False
   GB          32                       12                 7.769280                    7.828821                                    -0.059541    -0.228225      0.109143        -0.224268         0.448242 0.761315                False
  LoR          32                       12                 5.074699                    5.056255                                     0.018444    -0.051061      0.087950         0.168605         0.563477 0.795496                False
  MLP          32                       12                 6.367868                    6.441811                                    -0.073942    -0.170557      0.022672        -0.486270         0.101562 0.453835                False
   NB          32                       12                 3.940058                    3.932717                                     0.007341    -0.057524      0.072207         0.071909         0.803223 0.940358                False
   RF          32                       12               100.262142                   98.459106                                     1.803036     1.316762      2.289309         2.355865         0.000488 0.007812                 True
  SGD          32                       12                 5.060659                    5.102446                                    -0.041787    -0.126155      0.042582        -0.314691         0.303223 0.708220                False
   AB          64                       12               132.366309                  132.057959                                     0.308350    -0.056524      0.673225         0.536942         0.090332 0.453835                False
   DT          64                       12                 1.514279                    1.496076                                     0.018204    -0.008113      0.044521         0.439495         0.157715 0.600361                False
   GB          64                       12                 4.197287                    4.281331                                    -0.084044    -0.125163     -0.042925        -1.298649         0.001953 0.018750                 True
  LoR          64                       12                 2.594112                    2.618040                                    -0.023928    -0.059081      0.011225        -0.432490         0.162598 0.600361                False
  MLP          64                       12                 3.534974                    3.517381                                     0.017593    -0.030805      0.065992         0.230961         0.439941 0.761315                False
   NB          64                       12                 2.177110                    2.172568                                     0.004542    -0.021248      0.030332         0.111897         0.732910 0.940358                False
   RF          64                       12                52.417976                   51.024098                                     1.393878     1.068459      1.719298         2.721496         0.000488 0.007812                 True
  SGD          64                       12                 2.650783                    2.650643                                     0.000139    -0.044197      0.044476         0.001997         0.992188 0.992188                False
   AB         100                       12                87.702061                   87.642012                                     0.060050    -0.258373      0.378473         0.119821         0.680176 0.906901                False
   DT         100                       12                 0.999590                    0.994781                                     0.004809    -0.006258      0.015875         0.276088         0.354980 0.709961                False
   GB         100                       12                 2.927238                    3.018751                                    -0.091514    -0.137884     -0.045143        -1.253913         0.001465 0.017578                 True
  LoR         100                       12                 1.754972                    1.758146                                    -0.003173    -0.027727      0.021380        -0.082120         0.788086 0.940358                False
  MLP         100                       12                 2.501111                    2.500763                                     0.000348    -0.037910      0.038606         0.005779         0.986328 0.992188                False
   NB         100                       12                 1.568794                    1.575550                                    -0.006756    -0.029569      0.016057        -0.188167         0.523926 0.762074                False
   RF         100                       12                34.975977                   33.782541                                     1.193435     0.996475      1.390396         3.849880         0.000488 0.007812                 True
  SGD         100                       12                 1.757552                    1.770123                                    -0.012571    -0.047910      0.022768        -0.226020         0.459961 0.761315                False
