DEPRECATED: The legacy builder is deprecated and will be removed in a future release.
            Install the buildx component to build images with BuildKit:
            https://docs.docker.com/go/buildx/

Sending build context to Docker daemon  79.87kB
Step 1/10 : FROM python:3.12.8-slim-bookworm
3.12.8-slim-bookworm: Pulling from library/python
Digest: sha256:2199a62885a12290dc9c5be3ca0681d367576ab7bf037da120e564723292a2f0
Status: Image is up to date for python:3.12.8-slim-bookworm
 ---> 9868da1de9f4
Step 2/10 : ENV PYTHONDONTWRITEBYTECODE=1     PYTHONUNBUFFERED=1     OMP_NUM_THREADS=1     OPENBLAS_NUM_THREADS=1     MKL_NUM_THREADS=1     VECLIB_MAXIMUM_THREADS=1     NUMEXPR_NUM_THREADS=1     MPLCONFIGDIR=/tmp/matplotlib
 ---> Using cache
 ---> acb2affc4d6e
Step 3/10 : WORKDIR /artifact
 ---> Using cache
 ---> bcd8708de405
Step 4/10 : COPY requirements.txt ./
 ---> Using cache
 ---> f2669049fb3f
Step 5/10 : RUN python -m pip install --no-cache-dir --disable-pip-version-check -r requirements.txt
 ---> Using cache
 ---> 654c9bef980f
Step 6/10 : COPY latency_artifact ./latency_artifact
 ---> f692a76236c0
Step 7/10 : COPY configs ./configs
 ---> c8faa83e212e
Step 8/10 : COPY scripts ./scripts
 ---> 1eb466a9aadf
Step 9/10 : ENTRYPOINT ["python", "-m", "latency_artifact"]
 ---> Running in 3b57a20a2e85
 ---> Removed intermediate container 3b57a20a2e85
 ---> d1409c89ce92
Step 10/10 : CMD ["all", "--config", "configs/smoke.yaml"]
 ---> Running in f42a71f492cb
 ---> Removed intermediate container f42a71f492cb
 ---> 46005b37354c
Successfully built 46005b37354c
Successfully tagged ladc-latency-artifact:20260720T144806Z
