Prepared /artifact/results/definitive/processed/dataset.npz with 84 features
Trained LoR in 1.95s
Trained SGD in 1.85s
Trained NB in 0.17s
Trained DT in 8.92s
Trained RF in 48.65s
Trained GB in 208.44s
Trained AB in 88.71s
Trained MLP in 10.09s
Completed independent benchmark process 1/12
Completed independent benchmark process 2/12
Completed independent benchmark process 3/12
Completed independent benchmark process 4/12
Completed independent benchmark process 5/12
Completed independent benchmark process 6/12
Completed independent benchmark process 7/12
Completed independent benchmark process 8/12
Completed independent benchmark process 9/12
Completed independent benchmark process 10/12
Completed independent benchmark process 11/12
Completed independent benchmark process 12/12
Wrote analysis to /artifact/results/definitive/analysis
model  batch_size  n_independent_processes  mean_benign_us_per_flow  mean_malicious_us_per_flow  paired_difference_benign_minus_malicious_us  ci95_low_us  ci95_high_us  paired_cohen_dz  p_sign_flip_raw     p_bh  significant_bh_0_05
   AB           1                       12              7852.306333                 7838.961489                                    13.344844    -6.284702     32.974391         0.431946         0.164551 0.493652                False
   DT           1                       12                88.495422                   88.433000                                     0.062422    -1.147525      1.272369         0.032779         0.909180 0.949967                False
   GB           1                       12               221.954869                  221.196264                                     0.758606    -3.974856      5.492067         0.101827         0.727539 0.903516                False
  LoR           1                       12               154.364311                  154.768919                                    -0.404608    -2.622770      1.813553        -0.115896         0.693848 0.903516                False
  MLP           1                       12               175.390722                  176.636219                                    -1.245497    -3.076602      0.585607        -0.432171         0.156738 0.493652                False
   NB           1                       12               107.742333                  107.405406                                     0.336928    -1.903669      2.577524         0.095543         0.740723 0.903516                False
   RF           1                       12              3024.292422                 3014.795297                                     9.497125    -5.613971     24.608221         0.399321         0.191895 0.541820                False
  SGD           1                       12               157.112728                  156.268472                                     0.844256    -2.179663      3.868174         0.177390         0.550293 0.852067                False
   AB           8                       12              1007.899269                 1008.042105                                    -0.142836    -3.334949      3.049278        -0.028431         0.923340 0.949967                False
   DT           8                       12                11.308059                   11.318286                                    -0.010227    -0.187029      0.166575        -0.036753         0.906250 0.949967                False
   GB           8                       12                29.148163                   28.805857                                     0.342305    -0.096819      0.781429         0.495282         0.114258 0.493652                False
  LoR           8                       12                19.655786                   19.512282                                     0.143505    -0.165635      0.452644         0.294943         0.331543 0.757812                False
  MLP           8                       12                23.470220                   23.624701                                    -0.154481    -0.686765      0.377803        -0.184399         0.532227 0.852067                False
   NB           8                       12                14.649753                   14.500284                                     0.149469    -0.035578      0.334516         0.513212         0.100586 0.493652                False
   RF           8                       12               385.091720                  383.007316                                     2.084404    -0.559514      4.728322         0.500911         0.109375 0.493652                False
  SGD           8                       12                19.969873                   20.099172                                    -0.129299    -0.541311      0.282712        -0.199395         0.497070 0.852067                False
   AB          16                       12               508.661749                  509.751799                                    -1.090049    -3.119951      0.939852        -0.341191         0.265625 0.637500                False
   DT          16                       12                 5.739199                    5.727670                                     0.011530    -0.081987      0.105046         0.078334         0.790527 0.925495                False
   GB          16                       12                14.912143                   14.727033                                     0.185110    -0.075413      0.445634         0.451451         0.144043 0.493652                False
  LoR          16                       12                 9.941980                   10.138195                                    -0.196214    -0.370189     -0.022240        -0.716592         0.020020 0.160156                False
  MLP          16                       12                12.073632                   12.109250                                    -0.035618    -0.277413      0.206178        -0.093594         0.752930 0.903516                False
   NB          16                       12                 7.613690                    7.494842                                     0.118848     0.043612      0.194084         1.003679         0.006836 0.065625                False
   RF          16                       12               194.746734                  192.949301                                     1.797433     0.273464      3.321402         0.749382         0.026367 0.180804                False
  SGD          16                       12                10.057523                   10.017810                                     0.039713    -0.084409      0.163834         0.203286         0.490234 0.852067                False
   AB          32                       12               258.130449                  257.822187                                     0.308262    -0.634553      1.251076         0.207740         0.493652 0.852067                False
   DT          32                       12                 2.889788                    2.899029                                    -0.009241    -0.070420      0.051938        -0.095972         0.740234 0.903516                False
   GB          32                       12                 7.797720                    7.786789                                     0.010930    -0.118429      0.140290         0.053686         0.854492 0.949967                False
  LoR          32                       12                 5.093507                    5.031402                                     0.062105    -0.047097      0.171307         0.361344         0.244141 0.616776                False
  MLP          32                       12                 6.431662                    6.444577                                    -0.012915    -0.128655      0.102825        -0.070896         0.825195 0.943080                False
   NB          32                       12                 3.976819                    3.950469                                     0.026349    -0.061992      0.114691         0.189510         0.538086 0.852067                False
   RF          32                       12               100.108022                   97.922011                                     2.186011     1.565647      2.806376         2.238886         0.000488 0.005859                 True
  SGD          32                       12                 5.138655                    5.112888                                     0.025767    -0.079789      0.131323         0.155099         0.594727 0.861830                False
   AB          64                       12               132.202676                  132.324079                                    -0.121403    -0.468478      0.225672        -0.222245         0.447266 0.852067                False
   DT          64                       12                 1.512239                    1.504660                                     0.007579    -0.021803      0.036961         0.163895         0.602539 0.861830                False
   GB          64                       12                 4.204593                    4.259556                                    -0.054963    -0.132468      0.022542        -0.450575         0.148438 0.493652                False
  LoR          64                       12                 2.608688                    2.634351                                    -0.025663    -0.062138      0.010813        -0.447023         0.148438 0.493652                False
  MLP          64                       12                 3.545859                    3.545960                                    -0.000101    -0.064583      0.064381        -0.000995         0.995605 0.995605                False
   NB          64                       12                 2.187411                    2.194779                                    -0.007368    -0.039667      0.024931        -0.144943         0.628418 0.861830                False
   RF          64                       12                52.173723                   50.810613                                     1.363110     1.067757      1.658464         2.932348         0.000488 0.005859                 True
  SGD          64                       12                 2.669449                    2.650763                                     0.018687    -0.029991      0.067364         0.243909         0.418457 0.852067                False
   AB         100                       12                87.859915                   87.780063                                     0.079852    -0.267300      0.427004         0.146149         0.620605 0.861830                False
   DT         100                       12                 0.993861                    1.002600                                    -0.008738    -0.020380      0.002903        -0.476941         0.126465 0.493652                False
   GB         100                       12                 2.921632                    3.031885                                    -0.110253    -0.147424     -0.073082        -1.884559         0.000488 0.005859                 True
  LoR         100                       12                 1.763605                    1.752694                                     0.010911    -0.006729      0.028550         0.392997         0.203613 0.542969                False
  MLP         100                       12                 2.506964                    2.495953                                     0.011011    -0.021805      0.043827         0.213196         0.468262 0.852067                False
   NB         100                       12                 1.585441                    1.586359                                    -0.000918    -0.024071      0.022235        -0.025182         0.930176 0.949967                False
   RF         100                       12                34.840571                   33.728667                                     1.111904     0.956484      1.267325         4.545548         0.000488 0.005859                 True
  SGD         100                       12                 1.788794                    1.775694                                     0.013100    -0.015083      0.041283         0.295339         0.376465 0.821378                False
