Wrote analysis to /artifact/results/genids_unsw15/analysis
model  batch_size  n_independent_processes  mean_benign_us_per_flow  mean_malicious_us_per_flow  paired_difference_benign_minus_malicious_us  ci95_low_us  ci95_high_us  paired_cohen_dz  p_sign_flip_raw     p_bh  significant_bh_0_05
   AB           1                       12              7862.327506                 7855.890286                                     6.437219   -30.279548     43.153987         0.111394         0.705078 0.890625                False
   DT           1                       12                88.925506                   89.547950                                    -0.622444    -1.553610      0.308722        -0.424717         0.176270 0.389266                False
   GB           1                       12               227.103375                  230.035775                                    -2.932400    -7.662509      1.797709        -0.393893         0.203125 0.406250                False
  LoR           1                       12               155.124244                  155.116008                                     0.008236    -1.843137      1.859609         0.002827         0.992676 0.993652                False
  MLP           1                       12               177.664267                  176.329736                                     1.334531    -1.046686      3.715747         0.356087         0.237305 0.455228                False
   NB           1                       12               108.473861                  107.434544                                     1.039317     0.036512      2.042122         0.658503         0.047852 0.135110                False
   RF           1                       12              3043.673014                 3070.560339                                   -26.887325   -47.117123     -6.657527        -0.844467         0.019043 0.076172                False
  SGD           1                       12               158.388850                  157.944547                                     0.444303    -3.297937      4.186543         0.075435         0.792480 0.927782                False
   AB           8                       12              1008.466471                 1006.455493                                     2.010978    -2.492105      6.514062         0.283742         0.343262 0.568157                False
   DT           8                       12                11.397403                   11.660049                                    -0.262646    -0.502998     -0.022294        -0.694303         0.037598 0.128906                False
   GB           8                       12                29.415614                   29.427130                                    -0.011516    -0.375056      0.352024        -0.020126         0.943359 0.993652                False
  LoR           8                       12                19.852338                   19.608674                                     0.243663    -0.197228      0.684554         0.351144         0.246582 0.455228                False
  MLP           8                       12                23.230998                   23.579777                                    -0.348780    -1.072998      0.375439        -0.305990         0.309082 0.529855                False
   NB           8                       12                14.576763                   14.415937                                     0.160826    -0.092998      0.414650         0.402577         0.186523 0.389266                False
   RF           8                       12               390.959725                  422.170779                                   -31.211054   -34.029795    -28.392313        -7.035253         0.000488 0.002344                 True
  SGD           8                       12                20.029437                   20.056725                                    -0.027287    -0.434041      0.379467        -0.042624         0.885254 0.988190                False
   AB          16                       12               507.136159                  507.048969                                     0.087190    -1.692232      1.866611         0.031132         0.912598 0.993652                False
   DT          16                       12                 5.750812                    6.097843                                    -0.347030    -0.462907     -0.231154        -1.902822         0.000488 0.002344                 True
   GB          16                       12                15.024821                   15.067120                                    -0.042299    -0.324718      0.240119        -0.095163         0.743164 0.891797                False
  LoR          16                       12                 9.958960                    9.962157                                    -0.003197    -0.186232      0.179838        -0.011097         0.975586 0.993652                False
  MLP          16                       12                12.083348                   12.009926                                     0.073422    -0.105061      0.251906         0.261371         0.453613 0.702369                False
   NB          16                       12                 7.520389                    7.413302                                     0.107086     0.002840      0.211333         0.652678         0.041016 0.131250                False
   RF          16                       12               200.114216                  226.647568                                   -26.533352   -27.922563    -25.144141       -12.135298         0.000488 0.002344                 True
  SGD          16                       12                10.115867                   10.134045                                    -0.018177    -0.201359      0.165004        -0.063049         0.831543 0.950335                False
   AB          32                       12               256.648782                  256.012557                                     0.636225    -0.184259      1.456710         0.492683         0.116699 0.311198                False
   DT          32                       12                 2.929995                    3.248997                                    -0.319002    -0.368328     -0.269676        -4.109115         0.000488 0.002344                 True
   GB          32                       12                 7.806888                    7.896614                                    -0.089725    -0.215363      0.035913        -0.453754         0.144531 0.365132                False
  LoR          32                       12                 5.100182                    5.032763                                     0.067419    -0.032705      0.167542         0.427831         0.166992 0.389266                False
  MLP          32                       12                 6.305489                    6.323600                                    -0.018111    -0.115505      0.079283        -0.118150         0.724609 0.891797                False
   NB          32                       12                 3.923086                    3.893472                                     0.029615     0.000129      0.059101         0.638139         0.047852 0.135110                False
   RF          32                       12               103.848184                  125.658742                                   -21.810558   -22.644949    -20.976166       -16.608231         0.000488 0.002344                 True
  SGD          32                       12                 5.130558                    5.151693                                    -0.021135    -0.100932      0.058662        -0.168282         0.569336 0.803768                False
   AB          64                       12               131.136351                  130.801492                                     0.334858    -0.193863      0.863579         0.402403         0.185059 0.389266                False
   DT          64                       12                 1.535682                    1.762193                                    -0.226512    -0.247410     -0.205614        -6.886742         0.000488 0.002344                 True
   GB          64                       12                 4.165062                    4.346442                                    -0.181381    -0.262912     -0.099850        -1.413503         0.001953 0.008523                 True
  LoR          64                       12                 2.633159                    2.594728                                     0.038430     0.001560      0.075301         0.662249         0.022461 0.082933                False
  MLP          64                       12                 3.447030                    3.436175                                     0.010855    -0.048456      0.070166         0.116283         0.682129 0.884924                False
   NB          64                       12                 2.098329                    2.121720                                    -0.023390    -0.065174      0.018394        -0.355671         0.256348 0.455729                False
   RF          64                       12                55.290453                   73.363269                                   -18.072816   -18.422184    -17.723448       -32.867695         0.000488 0.002344                 True
  SGD          64                       12                 2.671170                    2.657500                                     0.013670    -0.053921      0.081262         0.128502         0.669922 0.884924                False
   AB         100                       12                86.308856                   86.176280                                     0.132576    -0.213498      0.478650         0.243400         0.416016 0.665625                False
   DT         100                       12                 1.015347                    1.233784                                    -0.218438    -0.232850     -0.204025        -9.629827         0.000488 0.002344                 True
   GB         100                       12                 2.892849                    3.048611                                    -0.155762    -0.191431     -0.120092        -2.774540         0.000488 0.002344                 True
  LoR         100                       12                 1.726473                    1.726574                                    -0.000101    -0.032381      0.032178        -0.001993         0.993652 0.993652                False
  MLP         100                       12                 2.419007                    2.410906                                     0.008101    -0.022339      0.038541         0.169094         0.560547 0.803768                False
   NB         100                       12                 1.479373                    1.484102                                    -0.004729    -0.019388      0.009931        -0.204957         0.491699 0.737549                False
   RF         100                       12                37.803259                   53.455111                                   -15.651852   -15.904489    -15.399215       -39.363684         0.000488 0.002344                 True
  SGD         100                       12                 1.747543                    1.754869                                    -0.007326    -0.040839      0.026188        -0.138885         0.635742 0.871875                False
